let smallest = ((heap.compare ())[@bs ]) < (a |. (f b))