;;((foo ())[@res.uapp ])
;;((bar ())[@res.uapp ])
let () = ((((foo ())[@res.uapp ]); ((bar ())[@res.uapp ]))[@res.braces ])
let () =
  ((let x = 1 in
    ((sideEffect ())
    [@res.uapp ]);
    (let y = 2 in
     ((sideEffect2 ())
     [@res.uapp ]);
     (let z = 3 in ((sideEffect3 ())[@res.uapp ]))))
  [@res.braces ])
;;while true do
    ((sideEffect1 ())
    [@res.uapp ]);
    (let x = 1 in
     ((sideEffect2 ())
     [@res.uapp ]);
     (let y = 2 in ((sideEffect3 ())[@res.uapp ])))
    done
;;match color with
  | Blue ->
      (((getResult ())
       [@res.uapp ]);
       ((sideEffect ())
       [@res.uapp ]);
       (let x = 1 in ((sideEffect2 ())[@res.uapp ])))