let f = ((Function$ (fun a -> fun b -> a + b))[@res.arity 2])
let f = ((Function$ (fun a -> fun b -> a + b))[@res.arity 2])
let f = ((Function$ (fun a -> fun b -> fun c -> fun d -> ((a + b) + c) + d))
  [@res.arity 4])
let f =
  ((Function$
      ((fun a ->
          ((Function$
              ((fun b ->
                  ((Function$
                      ((fun c -> ((Function$ ((fun d -> ())[@attr4 ]))
                          [@res.arity 1]))
                      [@attr3 ]))
                  [@res.arity 1]))
              [@attr2 ]))
          [@res.arity 1]))
      [@attr ]))
  [@res.arity 1])
let f =
  ((Function$
      (fun ((a)[@attr ]) ->
         fun ((b)[@attr2 ]) -> fun ((c)[@attr3 ]) -> fun ((d)[@attr4 ]) -> ()))
  [@res.arity 4])
let f =
  ((Function$
      (fun ((a)[@attr ]) ->
         fun ((b)[@attr2 ]) -> fun ((c)[@attr3 ]) -> fun ((d)[@attr4 ]) -> ()))
  [@res.arity 4])
;;add 1 2
;;add 2 3 4 5 6 7 8 9 10