type nonrec t = ((a:((int)[@ns.namedArgLoc ]) -> unit)[@attr ])