type props<'msg> = {msg: 'msg} // test React JSX file

let make = ({msg, _}: props<_>) => {
  ReactDOM.jsx("div", {children: ?ReactDOM.someElement({msg->React.string})})
}
let make = {
  let \"CommentAtTop" = React.component((props: props<_>) => make(props))

  \"CommentAtTop"
}
