@@jsxConfig({version: 4, mode: "classic"})

module V4C = {
  @res.jsxComponentProps
  type props = {}

  let make = (type a, _: props) => (~a, ~b, _) => ReactDOM.createDOMElementVariadic("div", [])
  let make = {
    let \"TypeConstraint$V4C" = props => make(props)

    \"TypeConstraint$V4C"
  }
}

@@jsxConfig({version: 4, mode: "automatic"})

module V4A = {
  @res.jsxComponentProps
  type props = {}

  let make = (type a, _: props) => (~a, ~b, _) => ReactDOM.jsx("div", {})
  let make = {
    let \"TypeConstraint$V4A" = props => make(props)

    \"TypeConstraint$V4A"
  }
}
