// with Ok
@let.unwrap let Ok(foo) = someResult

// with Some
@let.unwrap let Some(bar) = someOption

// with and
@let.unwrap let Some(baz) = someOption
@let.unwrap and Some(bar) = someOtherOption
