
  [1;31mWe've found a bug for you![0m
  [36m/.../fixtures/curriedvalueinsteadofuncurriedincurriedmode.res[0m:[2m3:5-5:1[0m

  1 [2mâ”‚[0m module Foo: {
  2 [2mâ”‚[0m   let addcuc: (. int, int) => int
  [1;31m3[0m [2mâ”‚[0m } = [1;31m{[0m
  [1;31m4[0m [2mâ”‚[0m [1;31m  let addcuc = (a, b) => a + b[0m
  [1;31m5[0m [2mâ”‚[0m [1;31m}[0m
  6 [2mâ”‚[0m 

  Signature mismatch:
  Modules do not match:
    {
  let addcuc: (int, int) => int
}
  is not included in
    {
  let addcuc: (. int, int) => int
}
  Values do not match:
    let addcuc: (int, int) => int (curried)
  is not included in
    let addcuc: (. int, int) => int (uncurried)
  [36m/.../fixtures/curriedvalueinsteadofuncurriedincurriedmode.res[0m:[2m2:3-33[0m:
    Expected declaration
  [36m/.../fixtures/curriedvalueinsteadofuncurriedincurriedmode.res[0m:[2m4:7-12[0m:
    Actual declaration