
  [1;31mWe've found a bug for you![0m
  [36m/.../fixtures/arity_mismatch.res[0m:[2m2:21-27[0m

  1 [2mâ”‚[0m let makeVar = (~f, ()) => 34
  [1;31m2[0m [2mâ”‚[0m let makeVariables = [1;31mmakeVar[0m(~f=f => f)
  3 [2mâ”‚[0m 

  Can't call this function:
  - It takes 1 unlabelled argument, but is called with just 0
  
  The function has type:
  (~f: 'a => 'a, unit) => int