
  [1;31mWe've found a bug for you![0m
  [36m/.../fixtures/polyvariants_no_overlap.res[0m:[2m2:19[0m

  1 [2mâ”‚[0m let a: [#Resize | #KeyDown] = #Resize
  [1;31m2[0m [2mâ”‚[0m let b: [#Click] = [1;31ma[0m
  3 [2mâ”‚[0m 

  This has type: [1;31m[#KeyDown | #Resize][0m
  But it's expected to have type: [1;33m[#Click][0m
  
  These polymorphic variants are incompatible - they share no common constructors.