
  [1;31mWe've found a bug for you![0m
  [36m/.../fixtures/warnings1.res[0m:[2m3:3[0m

  1 [2mâ”‚[0m let x = (a, b) => a + b
  2 [2mâ”‚[0m let z = () => {
  [1;31m3[0m [2mâ”‚[0m   [1;31mx[0m(10)
  4 [2mâ”‚[0m   10
  5 [2mâ”‚[0m }

  This function has type (int, int) => int
  It is applied with [1;31m1[0m arguments but it requires [1;33m2[0m.