DeprecatedStuff.resi: File did not need migration
