let x = {  }
let f = ((Function$ (fun a -> fun b -> {  }))[@res.arity 2])