module A: {
  @res.jsxComponentProps
  type props<'x> = {x: 'x}
  let make: React.componentLike<props<string>, React.element>
}

module NoProps: {
  @res.jsxComponentProps
  type props = {}

  let make: React.componentLike<props, React.element>
}
