Hover src/Fragment.res 6:19
{"contents": {"kind": "markdown", "value": "```rescript\nReact.component<SectionHeader.props<React.element>>\n```\n\n---\n\n```\n \n```\n```rescript\ntype SectionHeader.props<'children> = {children: 'children}\n```\nGo to: [Type definition](command:rescript-vscode.go_to_location?%5B%22Fragment.res%22%2C1%2C2%5D)\n"}}

Hover src/Fragment.res 9:56
{"contents": {"kind": "markdown", "value": "```rescript\nReact.component<React.fragmentProps>\n```"}}

