PrepareRename src/PrepareRename.res 0:4
{
    "range": {"start": {"line": 0, "character": 4}, "end": {"line": 0, "character": 5}},
    "placeholder": "x"
  }

PrepareRename src/PrepareRename.res 3:19
{
    "range": {"start": {"line": 3, "character": 19}, "end": {"line": 3, "character": 21}},
    "placeholder": "xx"
  }

